// Jest Snapshot v1, https://goo.gl/fbAQLP

exports[`Component renders snapshot 1`] = `
<div
  className="Component Test"
  id="test"
/>
`;
